
> paginaenerman@0.0.0 build
> vite build

[36mvite v8.0.1 [32mbuilding client environment for production...[36m[39m
[2K
transforming...Ô£ô 1951 modules transformed.
rendering chunks...
computing gzip size...
dist/index.html                          1.90 kB Ôöé gzip:   0.76 kB
dist/assets/index-sPRL1hX6.css           2.54 kB Ôöé gzip:   0.84 kB
dist/assets/purify.es-y41lKIN9.js       21.03 kB Ôöé gzip:   8.47 kB
dist/assets/index.es-CqifUS9C.js       151.37 kB Ôöé gzip:  48.87 kB
dist/assets/html2canvas-DRAH38_x.js    199.56 kB Ôöé gzip:  46.78 kB
dist/assets/index-COelel7l.js        1,146.87 kB Ôöé gzip: 351.18 kB

[32mÔ£ô built in 1.45s[39m
node.exe : [33m[plugin 
builtin:vite-reporter] 
At line:1 char:1
+ & "C:\Program 
Files\nodejs/node.exe" 
"C:\Program 
Files\nodejs/node_mo ...
+ ~~~~~~~~~~~~~~~~~~~~~~~
~~~~~~~~~~~~~~~~~~~~~~~~~
~~~~~~~~~~~~~~~~~~~~~
    + CategoryInfo       
       : NotSpecified:   
  ([33m[plugin builti   
 n:vite-reporter] :St    
ring) [], RemoteExce    
ption
    + FullyQualifiedErro 
   rId : NativeCommandE  
  rror
 
(!) Some chunks are 
larger than 500 kB after 
minification. Consider:
- Using dynamic import() 
to code-split the 
application
- Use build.rolldownOptio
ns.output.codeSplitting 
to improve chunking: http
s://rolldown.rs/reference
/OutputOptions.codeSplitt
ing
- Adjust chunk size 
limit for this warning 
via build.chunkSizeWarnin
gLimit.[39m
